[08:11:02] 等待批量下载完成（日志 _bulk_run.log）…
[08:16:04] …仍在下载（已等待 5 分钟）：下载 1300/2642 成功1271 失败29 22.6分钟
[08:21:07] …仍在下载（已等待 10 分钟）：下载 1600/2642 成功1563 失败37 27.7分钟
[08:26:10] …仍在下载（已等待 15 分钟）：下载 1900/2642 成功1862 失败38 33.4分钟
[08:31:13] …仍在下载（已等待 20 分钟）：下载 2200/2642 成功2157 失败43 38.9分钟
[08:36:16] …仍在下载（已等待 25 分钟）：下载 2400/2642 成功2357 失败43 42.6分钟
[08:39:17] 检测到完成标记，批量下载正常结束
    下载 2600/2642 成功2554 失败46 46.1分钟

[bulk] 下载完成：成功 2595，失败 47，耗时 47.0 分钟
[08:39:18] 补跑 run_intitle_bulk.py 捞回失败项…
[08:52:44] ⚠️ 补跑返回非 0（可能全为 404，忽略继续）
    下载 600/672 成功565 失败35 10.2分钟

[bulk] 下载完成：成功 633，失败 39，耗时 11.7 分钟
[08:52:44] 重打包 dataset.bin …
[pack_all] manifest 总数 15005，去重后 14741
[pack_all] 脚本分布: {'glyphwiki': 8105, 'seal': 2848, 'bamboo-silk': 612, 'bigseal': 1362, 'bronze': 1056, 'oracle-bone': 758}
[pack_all] 写出 E:\Workbuddy\说文解字\data\dataset.bin (13956587 bytes), 覆盖字 8105
[pack_all] attribution 已生成
[08:57:26] pack_all 完成
[08:57:27] dataset.bin 基线 10914311 -> 新 13956587 bytes
[08:57:27] bump 缓存版本 -> 20260911b 并重建 index.html …
[bump] dataset.bin?v=20260911b (1 处)
JS: 13858990 chars, 58 non-ASCII  FAIL
HTML body: 1706 non-ASCII (expected > 0 for Chinese labels)
Total: 13875461 bytes, 8105 chars
[08:57:28] 端到端校验 dataset.bin …
总记录数: 14741
脚本分布: {
覆盖字: 8105
验证通过 ✓
[08:57:28] 校验通过 ✓
